Copyright 1986-2018 Xilinx, Inc. All Rights Reserved.
----------------------------------------------------------------------------------------
| Tool Version : Vivado v.2018.1 (win64) Build 2188600 Wed Apr  4 18:40:38 MDT 2018
| Date         : Sun Jun 28 18:10:39 2020
| Host         : DESKTOP-CKUVL5A running 64-bit major release  (build 9200)
| Command      : report_control_sets -verbose -file Top_wrapper_control_sets_placed.rpt
| Design       : Top_wrapper
| Device       : xczu9eg
----------------------------------------------------------------------------------------

Control Set Information

Table of Contents
-----------------
1. Summary
2. Histogram
3. Flip-Flop Distribution
4. Detailed Control Set Information

1. Summary
----------

+----------------------------------------------------------+-------+
|                          Status                          | Count |
+----------------------------------------------------------+-------+
| Number of unique control sets                            |   157 |
| Unused register locations in slices containing registers |   173 |
+----------------------------------------------------------+-------+


2. Histogram
------------

+--------+--------------+
| Fanout | Control Sets |
+--------+--------------+
|      1 |            3 |
|      2 |            1 |
|      3 |            3 |
|      4 |            5 |
|      5 |            6 |
|      6 |           13 |
|      7 |            4 |
|      8 |           26 |
|      9 |           18 |
|     10 |            8 |
|     11 |            1 |
|     12 |            3 |
|     13 |            3 |
|     15 |            1 |
|    16+ |           62 |
+--------+--------------+


3. Flip-Flop Distribution
-------------------------

+--------------+-----------------------+------------------------+-----------------+--------------+
| Clock Enable | Synchronous Set/Reset | Asynchronous Set/Reset | Total Registers | Total Slices |
+--------------+-----------------------+------------------------+-----------------+--------------+
| No           | No                    | No                     |             256 |           35 |
| No           | No                    | Yes                    |            1325 |          495 |
| No           | Yes                   | No                     |             199 |           50 |
| Yes          | No                    | No                     |            2106 |          333 |
| Yes          | No                    | Yes                    |            1741 |          261 |
| Yes          | Yes                   | No                     |            5424 |         1154 |
+--------------+-----------------------+------------------------+-----------------+--------------+


4. Detailed Control Set Information
-----------------------------------

+---------------------------------------+--------------------------------------------------------------------------------------------------------------------------------------------------------------------------------------------------------------------------------------------------------------------------------+------------------------------------------------------------------------------------------------------------------------------------------------------------------------------------------------------------------------------+------------------+----------------+
|              Clock Signal             |                                                                                                                                  Enable Signal                                                                                                                                 |                                                                                                       Set/Reset Signal                                                                                                       | Slice Load Count | Bel Load Count |
+---------------------------------------+--------------------------------------------------------------------------------------------------------------------------------------------------------------------------------------------------------------------------------------------------------------------------------+------------------------------------------------------------------------------------------------------------------------------------------------------------------------------------------------------------------------------+------------------+----------------+
|  Top_i/zynq_ultra_ps_e_0/inst/pl_clk0 |                                                                                                                                                                                                                                                                                | Top_i/ComputeCoreWrapper_0/inst/CORE/SH/done_wire                                                                                                                                                                            |                1 |              1 |
|  Top_i/zynq_ultra_ps_e_0/inst/pl_clk0 | Top_i/ps8_0_axi_periph/s00_couplers/auto_pc/inst/gen_axilite.gen_b2s_conv.axilite_b2s/RD.r_channel_0/r_push_r                                                                                                                                                                  |                                                                                                                                                                                                                              |                1 |              1 |
|  Top_i/zynq_ultra_ps_e_0/inst/pl_clk0 | Top_i/ComputeCoreWrapper_0/inst/CORE/VERIFY1/out[0]                                                                                                                                                                                                                            |                                                                                                                                                                                                                              |                0 |              1 |
|  Top_i/zynq_ultra_ps_e_0/inst/pl_clk0 | Top_i/ps8_0_axi_periph/s00_couplers/auto_pc/inst/gen_axilite.gen_b2s_conv.axilite_b2s/SI_REG/b.b_pipe/p_1_in                                                                                                                                                                   |                                                                                                                                                                                                                              |                0 |              2 |
|  Top_i/zynq_ultra_ps_e_0/inst/pl_clk0 | Top_i/AXI_Slave8Ports_0/inst/AXI_Slave8Ports_v1_0_S00_AXI_inst/axi_arready0                                                                                                                                                                                                    | Top_i/rst_ps8_0_99M/U0/peripheral_aresetn[0]                                                                                                                                                                                 |                1 |              3 |
|  Top_i/zynq_ultra_ps_e_0/inst/pl_clk0 | Top_i/AXI_Slave8Ports_0/inst/AXI_Slave8Ports_v1_0_S00_AXI_inst/axi_awready0                                                                                                                                                                                                    | Top_i/rst_ps8_0_99M/U0/peripheral_aresetn[0]                                                                                                                                                                                 |                1 |              3 |
|  Top_i/zynq_ultra_ps_e_0/inst/pl_clk0 |                                                                                                                                                                                                                                                                                | Top_i/AXI_Slave8Ports_0/inst/AXI_Slave8Ports_v1_0_S00_AXI_inst/control_high_word[0]                                                                                                                                          |                0 |              3 |
|  Top_i/zynq_ultra_ps_e_0/inst/pl_clk0 |                                                                                                                                                                                                                                                                                | Top_i/ps8_0_axi_periph/s00_couplers/auto_pc/inst/gen_axilite.gen_b2s_conv.axilite_b2s/SI_REG/ar.ar_pipe/aresetn_d_reg_n_0_[1]                                                                                                |                2 |              4 |
|  Top_i/zynq_ultra_ps_e_0/inst/pl_clk0 |                                                                                                                                                                                                                                                                                | Top_i/ps8_0_axi_periph/s00_couplers/auto_pc/inst/gen_axilite.gen_b2s_conv.axilite_b2s/SI_REG/aw.aw_pipe/aresetn_d_reg[1]                                                                                                     |                0 |              4 |
|  Top_i/zynq_ultra_ps_e_0/inst/pl_clk0 |                                                                                                                                                                                                                                                                                | Top_i/rst_ps8_0_99M/U0/EXT_LPF/lpf_int                                                                                                                                                                                       |                2 |              4 |
|  Top_i/zynq_ultra_ps_e_0/inst/pl_clk0 | Top_i/ComputeCoreWrapper_0/inst/CORE/AddPack0/message_buffer[59]_i_1_n_0                                                                                                                                                                                                       | Top_i/ComputeCoreWrapper_0/inst/CORE/AddPack0/message_buffer[63]_i_1_n_0                                                                                                                                                     |                0 |              4 |
|  Top_i/zynq_ultra_ps_e_0/inst/pl_clk0 | Top_i/ComputeCoreWrapper_0/inst/CORE/VMUL0/PMUL0/bram_address_inc                                                                                                                                                                                                              | Top_i/ComputeCoreWrapper_0/inst/CORE/VMUL0/PMUL0/buffer_counter0                                                                                                                                                             |                1 |              4 |
|  Top_i/zynq_ultra_ps_e_0/inst/pl_clk0 | Top_i/ps8_0_axi_periph/s00_couplers/auto_pc/inst/gen_axilite.gen_b2s_conv.axilite_b2s/WR.aw_channel_0/aw_cmd_fsm_0/wrap_boundary_axaddr_r_reg[11]                                                                                                                              |                                                                                                                                                                                                                              |                0 |              5 |
|  Top_i/zynq_ultra_ps_e_0/inst/pl_clk0 | Top_i/ComputeCoreWrapper_0/inst/CORE/VMUL0/PMUL0/PLC/sel                                                                                                                                                                                                                       | Top_i/ComputeCoreWrapper_0/inst/CORE/VMUL0/VMUL/poly_word_counter_reg[0][0]                                                                                                                                                  |                0 |              5 |
|  Top_i/zynq_ultra_ps_e_0/inst/pl_clk0 | Top_i/ps8_0_axi_periph/s00_couplers/auto_pc/inst/gen_axilite.gen_b2s_conv.axilite_b2s/RD.ar_channel_0/ar_cmd_fsm_0/axaddr_incr_reg[0][0]                                                                                                                                       |                                                                                                                                                                                                                              |                0 |              5 |
|  Top_i/zynq_ultra_ps_e_0/inst/pl_clk0 | Top_i/ComputeCoreWrapper_0/inst/CORE/SH/KECCAK/counter_nr_rounds[4]_i_1_n_0                                                                                                                                                                                                    | Top_i/ComputeCoreWrapper_0/inst/CORE/SH/KECCAK/buffer_in/dout_buffer_out_valid_reg_0                                                                                                                                         |                2 |              5 |
|  Top_i/zynq_ultra_ps_e_0/inst/pl_clk0 | Top_i/ps8_0_axi_periph/s00_couplers/auto_pc/inst/gen_axilite.gen_b2s_conv.axilite_b2s/RD.ar_channel_0/ar_cmd_fsm_0/wrap_boundary_axaddr_r_reg[11][0]                                                                                                                           |                                                                                                                                                                                                                              |                0 |              5 |
|  Top_i/zynq_ultra_ps_e_0/inst/pl_clk0 | Top_i/ps8_0_axi_periph/s00_couplers/auto_pc/inst/gen_axilite.gen_b2s_conv.axilite_b2s/WR.aw_channel_0/cmd_translator_0/incr_cmd_0/axaddr_incr[11]_i_1__0_n_0                                                                                                                   |                                                                                                                                                                                                                              |                3 |              5 |
|  Top_i/zynq_ultra_ps_e_0/inst/pl_clk0 |                                                                                                                                                                                                                                                                                | Top_i/ps8_0_axi_periph/s00_couplers/auto_ds/inst/gen_downsizer.gen_simple_downsizer.axi_downsizer_inst/USE_WRITE.write_addr_inst/USE_B_CHANNEL.cmd_b_queue/inst/SR[0]                                                        |                2 |              6 |
|  Top_i/zynq_ultra_ps_e_0/inst/pl_clk0 | Top_i/ps8_0_axi_periph/s00_couplers/auto_ds/inst/gen_downsizer.gen_simple_downsizer.axi_downsizer_inst/USE_WRITE.write_addr_inst/USE_B_CHANNEL.cmd_b_queue/inst/pushed_commands_reg[0][0]                                                                                      | Top_i/rst_ps8_0_99M/U0/peripheral_aresetn[0]                                                                                                                                                                                 |                2 |              6 |
|  Top_i/zynq_ultra_ps_e_0/inst/pl_clk0 |                                                                                                                                                                                                                                                                                | Top_i/ComputeCoreWrapper_0/inst/CORE/Sampler/rst_sampler                                                                                                                                                                     |                3 |              6 |
|  Top_i/zynq_ultra_ps_e_0/inst/pl_clk0 |                                                                                                                                                                                                                                                                                | Top_i/ComputeCoreWrapper_0/inst/CORE/VERIFY1/rst_verify                                                                                                                                                                      |                4 |              6 |
|  Top_i/zynq_ultra_ps_e_0/inst/pl_clk0 | Top_i/ComputeCoreWrapper_0/inst/CORE/SH/KECCAK/buffer_in/count_out_words_reg[0]_0                                                                                                                                                                                              | Top_i/ComputeCoreWrapper_0/inst/CORE/SH/KECCAK/buffer_in/dout_buffer_out_valid_reg_0                                                                                                                                         |                2 |              6 |
|  Top_i/zynq_ultra_ps_e_0/inst/pl_clk0 | Top_i/rst_ps8_0_99M/U0/SEQ/seq_cnt_en                                                                                                                                                                                                                                          | Top_i/rst_ps8_0_99M/U0/SEQ/seq_clr                                                                                                                                                                                           |                1 |              6 |
|  Top_i/zynq_ultra_ps_e_0/inst/pl_clk0 | Top_i/ComputeCoreWrapper_0/inst/CORE/VMUL0/VMUL/out[1]                                                                                                                                                                                                                         | Top_i/ComputeCoreWrapper_0/inst/CORE/VMUL0/VMUL/SR[0]                                                                                                                                                                        |                1 |              6 |
|  Top_i/zynq_ultra_ps_e_0/inst/pl_clk0 | Top_i/ComputeCoreWrapper_0/inst/CORE/VMUL0/PMUL0/poly_shift                                                                                                                                                                                                                    | Top_i/ComputeCoreWrapper_0/inst/CORE/VMUL0/PMUL0/buffer_counter0                                                                                                                                                             |                1 |              6 |
|  Top_i/zynq_ultra_ps_e_0/inst/pl_clk0 | Top_i/ps8_0_axi_periph/s00_couplers/auto_ds/inst/gen_downsizer.gen_simple_downsizer.axi_downsizer_inst/USE_WRITE.write_addr_inst/USE_B_CHANNEL.cmd_b_queue/inst/USE_B_CHANNEL.cmd_b_depth_reg[5][0]                                                                            | Top_i/rst_ps8_0_99M/U0/peripheral_aresetn[0]                                                                                                                                                                                 |                0 |              6 |
|  Top_i/zynq_ultra_ps_e_0/inst/pl_clk0 | Top_i/ps8_0_axi_periph/s00_couplers/auto_ds/inst/gen_downsizer.gen_simple_downsizer.axi_downsizer_inst/USE_READ.read_addr_inst/cmd_queue/inst/cmd_depth_reg[5][0]                                                                                                              | Top_i/rst_ps8_0_99M/U0/peripheral_aresetn[0]                                                                                                                                                                                 |                1 |              6 |
|  Top_i/zynq_ultra_ps_e_0/inst/pl_clk0 | Top_i/ps8_0_axi_periph/s00_couplers/auto_ds/inst/gen_downsizer.gen_simple_downsizer.axi_downsizer_inst/USE_READ.read_addr_inst/cmd_queue/inst/pushed_commands_reg[0][0]                                                                                                        | Top_i/rst_ps8_0_99M/U0/peripheral_aresetn[0]                                                                                                                                                                                 |                1 |              6 |
|  Top_i/zynq_ultra_ps_e_0/inst/pl_clk0 | Top_i/ComputeCoreWrapper_0/inst/CORE/SH/KECCAK/buffer_in/count_in_words                                                                                                                                                                                                        | Top_i/ComputeCoreWrapper_0/inst/CORE/SH/KECCAK/buffer_in/dout_buffer_out_valid_reg_0                                                                                                                                         |                2 |              6 |
|  Top_i/zynq_ultra_ps_e_0/inst/pl_clk0 | Top_i/ComputeCoreWrapper_0/inst/ISA_CTRL/inc_IR_address                                                                                                                                                                                                                        | Top_i/ComputeCoreWrapper_0/inst/ISA_CTRL/IR_address0                                                                                                                                                                         |                0 |              6 |
|  Top_i/zynq_ultra_ps_e_0/inst/pl_clk0 |                                                                                                                                                                                                                                                                                | Top_i/ComputeCoreWrapper_0/inst/CORE/unpack0/rst_unpack                                                                                                                                                                      |                3 |              7 |
|  Top_i/zynq_ultra_ps_e_0/inst/pl_clk0 |                                                                                                                                                                                                                                                                                | Top_i/ComputeCoreWrapper_0/inst/CORE/CMOV1/COPY/SS[0]                                                                                                                                                                        |                1 |              7 |
|  Top_i/zynq_ultra_ps_e_0/inst/pl_clk0 |                                                                                                                                                                                                                                                                                | Top_i/ComputeCoreWrapper_0/inst/CORE/copy/rst_copy                                                                                                                                                                           |                1 |              7 |
|  Top_i/zynq_ultra_ps_e_0/inst/pl_clk0 | Top_i/ComputeCoreWrapper_0/inst/CORE/VMUL0/PMUL0/bram_address_relative[6]_i_1_n_0                                                                                                                                                                                              | Top_i/ComputeCoreWrapper_0/inst/CORE/VMUL0/VMUL/poly_word_counter_reg[0][0]                                                                                                                                                  |                2 |              7 |
|  Top_i/zynq_ultra_ps_e_0/inst/pl_clk0 | Top_i/AXI_Slave8Ports_0/inst/AXI_Slave8Ports_v1_0_S00_AXI_inst/slv_reg2[15]_i_1_n_0                                                                                                                                                                                            | Top_i/rst_ps8_0_99M/U0/peripheral_aresetn[0]                                                                                                                                                                                 |                0 |              8 |
|  Top_i/zynq_ultra_ps_e_0/inst/pl_clk0 | Top_i/AXI_Slave8Ports_0/inst/AXI_Slave8Ports_v1_0_S00_AXI_inst/slv_reg1[7]_i_1_n_0                                                                                                                                                                                             | Top_i/rst_ps8_0_99M/U0/peripheral_aresetn[0]                                                                                                                                                                                 |                0 |              8 |
|  Top_i/zynq_ultra_ps_e_0/inst/pl_clk0 | Top_i/AXI_Slave8Ports_0/inst/AXI_Slave8Ports_v1_0_S00_AXI_inst/slv_reg1[15]_i_1_n_0                                                                                                                                                                                            | Top_i/rst_ps8_0_99M/U0/peripheral_aresetn[0]                                                                                                                                                                                 |                0 |              8 |
|  Top_i/zynq_ultra_ps_e_0/inst/pl_clk0 | Top_i/AXI_Slave8Ports_0/inst/AXI_Slave8Ports_v1_0_S00_AXI_inst/p_1_in[23]                                                                                                                                                                                                      | Top_i/rst_ps8_0_99M/U0/peripheral_aresetn[0]                                                                                                                                                                                 |                0 |              8 |
|  Top_i/zynq_ultra_ps_e_0/inst/pl_clk0 | Top_i/AXI_Slave8Ports_0/inst/AXI_Slave8Ports_v1_0_S00_AXI_inst/p_1_in[7]                                                                                                                                                                                                       | Top_i/rst_ps8_0_99M/U0/peripheral_aresetn[0]                                                                                                                                                                                 |                5 |              8 |
|  Top_i/zynq_ultra_ps_e_0/inst/pl_clk0 | Top_i/AXI_Slave8Ports_0/inst/AXI_Slave8Ports_v1_0_S00_AXI_inst/slv_reg7[31]_i_1_n_0                                                                                                                                                                                            | Top_i/rst_ps8_0_99M/U0/peripheral_aresetn[0]                                                                                                                                                                                 |                0 |              8 |
|  Top_i/zynq_ultra_ps_e_0/inst/pl_clk0 | Top_i/ps8_0_axi_periph/s00_couplers/auto_ds/inst/gen_downsizer.gen_simple_downsizer.axi_downsizer_inst/USE_READ.read_addr_inst/cmd_queue/inst/pushed_commands_reg[0][0]                                                                                                        | Top_i/ps8_0_axi_periph/s00_couplers/auto_ds/inst/gen_downsizer.gen_simple_downsizer.axi_downsizer_inst/USE_READ.read_addr_inst/pushed_commands[7]_i_1__0_n_0                                                                 |                1 |              8 |
|  Top_i/zynq_ultra_ps_e_0/inst/pl_clk0 |                                                                                                                                                                                                                                                                                | Top_i/ComputeCoreWrapper_0/inst/CORE/VMUL0/VMUL/SR[0]                                                                                                                                                                        |                0 |              8 |
|  Top_i/zynq_ultra_ps_e_0/inst/pl_clk0 | Top_i/AXI_Slave8Ports_0/inst/AXI_Slave8Ports_v1_0_S00_AXI_inst/slv_reg1[31]_i_1_n_0                                                                                                                                                                                            | Top_i/rst_ps8_0_99M/U0/peripheral_aresetn[0]                                                                                                                                                                                 |                0 |              8 |
|  Top_i/zynq_ultra_ps_e_0/inst/pl_clk0 | Top_i/AXI_Slave8Ports_0/inst/AXI_Slave8Ports_v1_0_S00_AXI_inst/slv_reg7[15]_i_1_n_0                                                                                                                                                                                            | Top_i/rst_ps8_0_99M/U0/peripheral_aresetn[0]                                                                                                                                                                                 |                0 |              8 |
|  Top_i/zynq_ultra_ps_e_0/inst/pl_clk0 | Top_i/AXI_Slave8Ports_0/inst/AXI_Slave8Ports_v1_0_S00_AXI_inst/p_1_in[15]                                                                                                                                                                                                      | Top_i/rst_ps8_0_99M/U0/peripheral_aresetn[0]                                                                                                                                                                                 |                2 |              8 |
|  Top_i/zynq_ultra_ps_e_0/inst/pl_clk0 | Top_i/AXI_Slave8Ports_0/inst/AXI_Slave8Ports_v1_0_S00_AXI_inst/p_1_in[31]                                                                                                                                                                                                      | Top_i/rst_ps8_0_99M/U0/peripheral_aresetn[0]                                                                                                                                                                                 |                1 |              8 |
|  Top_i/zynq_ultra_ps_e_0/inst/pl_clk0 | Top_i/ps8_0_axi_periph/s00_couplers/auto_ds/inst/gen_downsizer.gen_simple_downsizer.axi_downsizer_inst/USE_WRITE.write_addr_inst/USE_B_CHANNEL.cmd_b_queue/inst/pushed_commands_reg[0][0]                                                                                      | Top_i/ps8_0_axi_periph/s00_couplers/auto_ds/inst/gen_downsizer.gen_simple_downsizer.axi_downsizer_inst/USE_WRITE.write_addr_inst/pushed_commands[7]_i_1_n_0                                                                  |                1 |              8 |
|  Top_i/zynq_ultra_ps_e_0/inst/pl_clk0 | Top_i/AXI_Slave8Ports_0/inst/AXI_Slave8Ports_v1_0_S00_AXI_inst/slv_reg1[23]_i_1_n_0                                                                                                                                                                                            | Top_i/rst_ps8_0_99M/U0/peripheral_aresetn[0]                                                                                                                                                                                 |                0 |              8 |
|  Top_i/zynq_ultra_ps_e_0/inst/pl_clk0 | Top_i/AXI_Slave8Ports_0/inst/AXI_Slave8Ports_v1_0_S00_AXI_inst/slv_reg7[23]_i_1_n_0                                                                                                                                                                                            | Top_i/rst_ps8_0_99M/U0/peripheral_aresetn[0]                                                                                                                                                                                 |                0 |              8 |
|  Top_i/zynq_ultra_ps_e_0/inst/pl_clk0 | Top_i/AXI_Slave8Ports_0/inst/AXI_Slave8Ports_v1_0_S00_AXI_inst/slv_reg2[23]_i_1_n_0                                                                                                                                                                                            | Top_i/rst_ps8_0_99M/U0/peripheral_aresetn[0]                                                                                                                                                                                 |                1 |              8 |
|  Top_i/zynq_ultra_ps_e_0/inst/pl_clk0 | Top_i/ps8_0_axi_periph/s00_couplers/auto_pc/inst/gen_axilite.gen_b2s_conv.axilite_b2s/WR.aw_channel_0/aw_cmd_fsm_0/b_push                                                                                                                                                      |                                                                                                                                                                                                                              |                1 |              8 |
|  Top_i/zynq_ultra_ps_e_0/inst/pl_clk0 | Top_i/AXI_Slave8Ports_0/inst/AXI_Slave8Ports_v1_0_S00_AXI_inst/slv_reg3[31]_i_1_n_0                                                                                                                                                                                            | Top_i/rst_ps8_0_99M/U0/peripheral_aresetn[0]                                                                                                                                                                                 |                3 |              8 |
|  Top_i/zynq_ultra_ps_e_0/inst/pl_clk0 | Top_i/ps8_0_axi_periph/s00_couplers/auto_pc/inst/gen_axilite.gen_b2s_conv.axilite_b2s/WR.b_channel_0/mhandshake_r                                                                                                                                                              | Top_i/ps8_0_axi_periph/s00_couplers/auto_pc/inst/gen_axilite.gen_b2s_conv.axilite_b2s/WR.b_channel_0/bid_fifo_0/SR[0]                                                                                                        |                3 |              8 |
|  Top_i/zynq_ultra_ps_e_0/inst/pl_clk0 | Top_i/AXI_Slave8Ports_0/inst/AXI_Slave8Ports_v1_0_S00_AXI_inst/slv_reg2[31]_i_1_n_0                                                                                                                                                                                            | Top_i/rst_ps8_0_99M/U0/peripheral_aresetn[0]                                                                                                                                                                                 |                3 |              8 |
|  Top_i/zynq_ultra_ps_e_0/inst/pl_clk0 | Top_i/AXI_Slave8Ports_0/inst/AXI_Slave8Ports_v1_0_S00_AXI_inst/slv_reg2[7]_i_1_n_0                                                                                                                                                                                             | Top_i/rst_ps8_0_99M/U0/peripheral_aresetn[0]                                                                                                                                                                                 |                0 |              8 |
|  Top_i/zynq_ultra_ps_e_0/inst/pl_clk0 | Top_i/ComputeCoreWrapper_0/inst/CORE/SH/inc_rate                                                                                                                                                                                                                               | Top_i/ComputeCoreWrapper_0/inst/CORE/SH/rate[7]_i_1_n_0                                                                                                                                                                      |                3 |              8 |
|  Top_i/zynq_ultra_ps_e_0/inst/pl_clk0 | Top_i/AXI_Slave8Ports_0/inst/AXI_Slave8Ports_v1_0_S00_AXI_inst/slv_reg3[15]_i_1_n_0                                                                                                                                                                                            | Top_i/rst_ps8_0_99M/U0/peripheral_aresetn[0]                                                                                                                                                                                 |                2 |              8 |
|  Top_i/zynq_ultra_ps_e_0/inst/pl_clk0 | Top_i/AXI_Slave8Ports_0/inst/AXI_Slave8Ports_v1_0_S00_AXI_inst/slv_reg3[23]_i_1_n_0                                                                                                                                                                                            | Top_i/rst_ps8_0_99M/U0/peripheral_aresetn[0]                                                                                                                                                                                 |                0 |              8 |
|  Top_i/zynq_ultra_ps_e_0/inst/pl_clk0 | Top_i/AXI_Slave8Ports_0/inst/AXI_Slave8Ports_v1_0_S00_AXI_inst/slv_reg7[7]_i_1_n_0                                                                                                                                                                                             | Top_i/rst_ps8_0_99M/U0/peripheral_aresetn[0]                                                                                                                                                                                 |                0 |              8 |
|  Top_i/zynq_ultra_ps_e_0/inst/pl_clk0 | Top_i/AXI_Slave8Ports_0/inst/AXI_Slave8Ports_v1_0_S00_AXI_inst/slv_reg3[7]_i_1_n_0                                                                                                                                                                                             | Top_i/rst_ps8_0_99M/U0/peripheral_aresetn[0]                                                                                                                                                                                 |                0 |              8 |
|  Top_i/zynq_ultra_ps_e_0/inst/pl_clk0 | Top_i/ComputeCoreWrapper_0/inst/CORE/SH/KECCAK/buffer_in/wt_address_reg[8]                                                                                                                                                                                                     | Top_i/ComputeCoreWrapper_0/inst/CORE/SH/clear_sha                                                                                                                                                                            |                1 |              9 |
|  Top_i/zynq_ultra_ps_e_0/inst/pl_clk0 | Top_i/ComputeCoreWrapper_0/inst/CORE/copy/read_address_en                                                                                                                                                                                                                      | Top_i/ComputeCoreWrapper_0/inst/CORE/copy/rst_copy                                                                                                                                                                           |                1 |              9 |
|  Top_i/zynq_ultra_ps_e_0/inst/pl_clk0 | Top_i/ComputeCoreWrapper_0/inst/CORE/VMUL0/PMUL0/shift_secret                                                                                                                                                                                                                  | Top_i/ComputeCoreWrapper_0/inst/CORE/VMUL0/VMUL/poly_word_counter_reg[0][0]                                                                                                                                                  |                2 |              9 |
|  Top_i/zynq_ultra_ps_e_0/inst/pl_clk0 | Top_i/ComputeCoreWrapper_0/inst/CORE/AddRound0/E[0]                                                                                                                                                                                                                            | Top_i/ComputeCoreWrapper_0/inst/CORE/AddRound0/rst_addround                                                                                                                                                                  |                3 |              9 |
|  Top_i/zynq_ultra_ps_e_0/inst/pl_clk0 | Top_i/ComputeCoreWrapper_0/inst/CORE/AddRound0/inc_read_address                                                                                                                                                                                                                | Top_i/ComputeCoreWrapper_0/inst/CORE/AddRound0/rst_addround                                                                                                                                                                  |                2 |              9 |
|  Top_i/zynq_ultra_ps_e_0/inst/pl_clk0 | Top_i/ComputeCoreWrapper_0/inst/CORE/unpack0/out[0]                                                                                                                                                                                                                            | Top_i/ComputeCoreWrapper_0/inst/CORE/unpack0/rst_unpack                                                                                                                                                                      |                0 |              9 |
|  Top_i/zynq_ultra_ps_e_0/inst/pl_clk0 | Top_i/ComputeCoreWrapper_0/inst/CORE/Sampler/rd_inc                                                                                                                                                                                                                            | Top_i/ComputeCoreWrapper_0/inst/CORE/Sampler/rst_sampler                                                                                                                                                                     |                2 |              9 |
|  Top_i/zynq_ultra_ps_e_0/inst/pl_clk0 | Top_i/ComputeCoreWrapper_0/inst/CORE/AddPack0/out[1]                                                                                                                                                                                                                           | Top_i/ComputeCoreWrapper_0/inst/CORE/AddPack0/rst_addpack                                                                                                                                                                    |                2 |              9 |
|  Top_i/zynq_ultra_ps_e_0/inst/pl_clk0 | Top_i/ComputeCoreWrapper_0/inst/CORE/Sampler/wea_sampler                                                                                                                                                                                                                       | Top_i/ComputeCoreWrapper_0/inst/CORE/Sampler/rst_sampler                                                                                                                                                                     |                0 |              9 |
|  Top_i/zynq_ultra_ps_e_0/inst/pl_clk0 | Top_i/ComputeCoreWrapper_0/inst/CORE/SH/inc_rd_address                                                                                                                                                                                                                         | Top_i/ComputeCoreWrapper_0/inst/CORE/SH/clear_sha                                                                                                                                                                            |                2 |              9 |
|  Top_i/zynq_ultra_ps_e_0/inst/pl_clk0 | Top_i/ComputeCoreWrapper_0/inst/CORE/AddPack0/inc_vprime_address                                                                                                                                                                                                               | Top_i/ComputeCoreWrapper_0/inst/CORE/AddPack0/rst_addpack                                                                                                                                                                    |                1 |              9 |
|  Top_i/zynq_ultra_ps_e_0/inst/pl_clk0 | Top_i/ComputeCoreWrapper_0/inst/CORE/unpack0/inc_v_address                                                                                                                                                                                                                     | Top_i/ComputeCoreWrapper_0/inst/CORE/unpack0/rst_unpack                                                                                                                                                                      |                0 |              9 |
|  Top_i/zynq_ultra_ps_e_0/inst/pl_clk0 | Top_i/ps8_0_axi_periph/s00_couplers/auto_ds/inst/gen_downsizer.gen_simple_downsizer.axi_downsizer_inst/USE_WRITE.write_addr_inst/USE_B_CHANNEL.cmd_b_queue/inst/fifo_gen_inst/inst_fifo_gen/gconvfifo.rf/grf.rf/gntv_or_sync_fifo.gl0.rd/gr1.gr1_int.rfwft/E[0]                |                                                                                                                                                                                                                              |                1 |              9 |
|  Top_i/zynq_ultra_ps_e_0/inst/pl_clk0 | Top_i/ComputeCoreWrapper_0/inst/CORE/BC2PVEC/inc_read_address                                                                                                                                                                                                                  | Top_i/ComputeCoreWrapper_0/inst/CORE/BC2PVEC/rst_bs2polvecp                                                                                                                                                                  |                2 |              9 |
|  Top_i/zynq_ultra_ps_e_0/inst/pl_clk0 | Top_i/ComputeCoreWrapper_0/inst/CORE/CMOV1/COPY/read_address_en                                                                                                                                                                                                                | Top_i/ComputeCoreWrapper_0/inst/CORE/CMOV1/COPY/SS[0]                                                                                                                                                                        |                2 |              9 |
|  Top_i/zynq_ultra_ps_e_0/inst/pl_clk0 | Top_i/ComputeCoreWrapper_0/inst/CORE/VERIFY1/rd_base_sel_verify                                                                                                                                                                                                                | Top_i/ComputeCoreWrapper_0/inst/CORE/VERIFY1/rst_verify                                                                                                                                                                      |                2 |              9 |
|  Top_i/zynq_ultra_ps_e_0/inst/pl_clk0 | Top_i/ps8_0_axi_periph/s00_couplers/auto_ds/inst/gen_downsizer.gen_simple_downsizer.axi_downsizer_inst/USE_WRITE.write_addr_inst/USE_B_CHANNEL.cmd_b_queue/inst/fifo_gen_inst/inst_fifo_gen/gconvfifo.rf/grf.rf/rstblk/E[0]                                                    |                                                                                                                                                                                                                              |                2 |              9 |
|  Top_i/zynq_ultra_ps_e_0/inst/pl_clk0 | Top_i/ComputeCoreWrapper_0/inst/CORE/BC2PVEC/buffer[319]_i_1__0_n_0                                                                                                                                                                                                            | Top_i/ComputeCoreWrapper_0/inst/CORE/BC2PVEC/rst_bs2polvecp                                                                                                                                                                  |                2 |              9 |
|  Top_i/zynq_ultra_ps_e_0/inst/pl_clk0 | Top_i/ps8_0_axi_periph/s00_couplers/auto_ds/inst/gen_downsizer.gen_simple_downsizer.axi_downsizer_inst/USE_READ.read_addr_inst/cmd_queue/inst/fifo_gen_inst/inst_fifo_gen/gconvfifo.rf/grf.rf/gntv_or_sync_fifo.gl0.rd/gr1.gr1_int.rfwft/gc0.count_reg[4][0]                   | Top_i/ps8_0_axi_periph/s00_couplers/auto_ds/inst/gen_downsizer.gen_simple_downsizer.axi_downsizer_inst/USE_READ.read_addr_inst/cmd_queue/inst/fifo_gen_inst/inst_fifo_gen/gconvfifo.rf/grf.rf/rstblk/AR[0]                   |                1 |             10 |
|  Top_i/zynq_ultra_ps_e_0/inst/pl_clk0 | Top_i/ps8_0_axi_periph/s00_couplers/auto_ds/inst/gen_downsizer.gen_simple_downsizer.axi_downsizer_inst/USE_READ.read_addr_inst/cmd_queue/inst/fifo_gen_inst/inst_fifo_gen/gconvfifo.rf/grf.rf/gntv_or_sync_fifo.gl0.wr/gwss.wsts/E[0]                                          | Top_i/ps8_0_axi_periph/s00_couplers/auto_ds/inst/gen_downsizer.gen_simple_downsizer.axi_downsizer_inst/USE_READ.read_addr_inst/cmd_queue/inst/fifo_gen_inst/inst_fifo_gen/gconvfifo.rf/grf.rf/rstblk/AR[0]                   |                0 |             10 |
|  Top_i/zynq_ultra_ps_e_0/inst/pl_clk0 |                                                                                                                                                                                                                                                                                | Top_i/ComputeCoreWrapper_0/inst/CORE/AddPack0/rst_addpack                                                                                                                                                                    |                3 |             10 |
|  Top_i/zynq_ultra_ps_e_0/inst/pl_clk0 |                                                                                                                                                                                                                                                                                | Top_i/ComputeCoreWrapper_0/inst/CORE/VMUL0/VMUL/poly_word_counter_reg[0][0]                                                                                                                                                  |                6 |             10 |
|  Top_i/zynq_ultra_ps_e_0/inst/pl_clk0 | Top_i/ps8_0_axi_periph/s00_couplers/auto_ds/inst/gen_downsizer.gen_simple_downsizer.axi_downsizer_inst/USE_WRITE.write_addr_inst/USE_B_CHANNEL.cmd_b_queue/inst/fifo_gen_inst/inst_fifo_gen/gconvfifo.rf/grf.rf/gntv_or_sync_fifo.gl0.wr/gwss.wsts/E[0]                        | Top_i/ps8_0_axi_periph/s00_couplers/auto_ds/inst/gen_downsizer.gen_simple_downsizer.axi_downsizer_inst/USE_WRITE.write_addr_inst/USE_B_CHANNEL.cmd_b_queue/inst/fifo_gen_inst/inst_fifo_gen/gconvfifo.rf/grf.rf/rstblk/AR[0] |                1 |             10 |
|  Top_i/zynq_ultra_ps_e_0/inst/pl_clk0 | Top_i/ps8_0_axi_periph/s00_couplers/auto_ds/inst/gen_downsizer.gen_simple_downsizer.axi_downsizer_inst/USE_WRITE.write_addr_inst/cmd_queue/inst/fifo_gen_inst/inst_fifo_gen/gconvfifo.rf/grf.rf/gntv_or_sync_fifo.gl0.rd/gr1.gr1_int.rfwft/gc0.count_reg[4][0]                 | Top_i/ps8_0_axi_periph/s00_couplers/auto_ds/inst/gen_downsizer.gen_simple_downsizer.axi_downsizer_inst/USE_WRITE.write_addr_inst/cmd_queue/inst/fifo_gen_inst/inst_fifo_gen/gconvfifo.rf/grf.rf/rstblk/AR[0]                 |                3 |             10 |
|  Top_i/zynq_ultra_ps_e_0/inst/pl_clk0 | Top_i/ps8_0_axi_periph/s00_couplers/auto_ds/inst/gen_downsizer.gen_simple_downsizer.axi_downsizer_inst/USE_WRITE.write_addr_inst/cmd_queue/inst/fifo_gen_inst/inst_fifo_gen/gconvfifo.rf/grf.rf/gntv_or_sync_fifo.gl0.wr/gwss.wsts/E[0]                                        | Top_i/ps8_0_axi_periph/s00_couplers/auto_ds/inst/gen_downsizer.gen_simple_downsizer.axi_downsizer_inst/USE_WRITE.write_addr_inst/cmd_queue/inst/fifo_gen_inst/inst_fifo_gen/gconvfifo.rf/grf.rf/rstblk/AR[0]                 |                0 |             10 |
|  Top_i/zynq_ultra_ps_e_0/inst/pl_clk0 | Top_i/ps8_0_axi_periph/s00_couplers/auto_ds/inst/gen_downsizer.gen_simple_downsizer.axi_downsizer_inst/USE_WRITE.write_addr_inst/USE_B_CHANNEL.cmd_b_queue/inst/fifo_gen_inst/inst_fifo_gen/gconvfifo.rf/grf.rf/gntv_or_sync_fifo.gl0.rd/gr1.gr1_int.rfwft/gc0.count_reg[4][0] | Top_i/ps8_0_axi_periph/s00_couplers/auto_ds/inst/gen_downsizer.gen_simple_downsizer.axi_downsizer_inst/USE_WRITE.write_addr_inst/USE_B_CHANNEL.cmd_b_queue/inst/fifo_gen_inst/inst_fifo_gen/gconvfifo.rf/grf.rf/rstblk/AR[0] |                2 |             10 |
|  Top_i/zynq_ultra_ps_e_0/inst/pl_clk0 | Top_i/ps8_0_axi_periph/s00_couplers/auto_ds/inst/gen_downsizer.gen_simple_downsizer.axi_downsizer_inst/USE_WRITE.USE_SPLIT.write_resp_inst/p_1_in                                                                                                                              | Top_i/rst_ps8_0_99M/U0/peripheral_aresetn[0]                                                                                                                                                                                 |                2 |             11 |
|  Top_i/zynq_ultra_ps_e_0/inst/pl_clk0 |                                                                                                                                                                                                                                                                                | Top_i/ps8_0_axi_periph/s00_couplers/auto_ds/inst/gen_downsizer.gen_simple_downsizer.axi_downsizer_inst/USE_WRITE.write_addr_inst/USE_B_CHANNEL.cmd_b_queue/inst/fifo_gen_inst/inst_fifo_gen/gconvfifo.rf/grf.rf/rstblk/AR[0] |                4 |             12 |
|  Top_i/zynq_ultra_ps_e_0/inst/pl_clk0 |                                                                                                                                                                                                                                                                                | Top_i/ps8_0_axi_periph/s00_couplers/auto_ds/inst/gen_downsizer.gen_simple_downsizer.axi_downsizer_inst/USE_WRITE.write_addr_inst/cmd_queue/inst/fifo_gen_inst/inst_fifo_gen/gconvfifo.rf/grf.rf/rstblk/AR[0]                 |                6 |             12 |
|  Top_i/zynq_ultra_ps_e_0/inst/pl_clk0 |                                                                                                                                                                                                                                                                                | Top_i/ps8_0_axi_periph/s00_couplers/auto_ds/inst/gen_downsizer.gen_simple_downsizer.axi_downsizer_inst/USE_READ.read_addr_inst/cmd_queue/inst/fifo_gen_inst/inst_fifo_gen/gconvfifo.rf/grf.rf/rstblk/AR[0]                   |                7 |             12 |
|  Top_i/zynq_ultra_ps_e_0/inst/pl_clk0 | Top_i/ps8_0_axi_periph/s00_couplers/auto_ds/inst/gen_downsizer.gen_simple_downsizer.axi_downsizer_inst/USE_WRITE.write_addr_inst/cmd_queue/inst/first_word_reg[0]                                                                                                              | Top_i/rst_ps8_0_99M/U0/peripheral_aresetn[0]                                                                                                                                                                                 |                2 |             13 |
|  Top_i/zynq_ultra_ps_e_0/inst/pl_clk0 | Top_i/ComputeCoreWrapper_0/inst/CORE/VMUL0/PMUL0/p_0_in[624]                                                                                                                                                                                                                   | Top_i/ComputeCoreWrapper_0/inst/CORE/VMUL0/PMUL0/a_buffer[675]_i_1_n_0                                                                                                                                                       |                1 |             13 |
|  Top_i/zynq_ultra_ps_e_0/inst/pl_clk0 |                                                                                                                                                                                                                                                                                | Top_i/ComputeCoreWrapper_0/inst/CORE/SH/clear_sha                                                                                                                                                                            |                4 |             13 |
|  Top_i/zynq_ultra_ps_e_0/inst/pl_clk0 | Top_i/ps8_0_axi_periph/s00_couplers/auto_ds/inst/gen_downsizer.gen_simple_downsizer.axi_downsizer_inst/USE_READ.read_addr_inst/cmd_queue/inst/first_mi_word_reg[0]                                                                                                             | Top_i/rst_ps8_0_99M/U0/peripheral_aresetn[0]                                                                                                                                                                                 |                3 |             15 |
|  Top_i/zynq_ultra_ps_e_0/inst/pl_clk0 | Top_i/ps8_0_axi_periph/s00_couplers/auto_ds/inst/gen_downsizer.gen_simple_downsizer.axi_downsizer_inst/USE_WRITE.write_addr_inst/USE_B_CHANNEL.cmd_b_queue/inst/queue_id_reg[0][0]                                                                                             | Top_i/rst_ps8_0_99M/U0/peripheral_aresetn[0]                                                                                                                                                                                 |                0 |             16 |
|  Top_i/zynq_ultra_ps_e_0/inst/pl_clk0 |                                                                                                                                                                                                                                                                                | Top_i/ComputeCoreWrapper_0/inst/CORE/BC2PVEC/rst_bs2polvecp                                                                                                                                                                  |                3 |             16 |
|  Top_i/zynq_ultra_ps_e_0/inst/pl_clk0 | Top_i/ComputeCoreWrapper_0/inst/CORE/SH/KECCAK/buffer_in/E[0]                                                                                                                                                                                                                  |                                                                                                                                                                                                                              |                5 |             16 |
|  Top_i/zynq_ultra_ps_e_0/inst/pl_clk0 | Top_i/ComputeCoreWrapper_0/inst/CORE/SH/KECCAK/buffer_in/wt_address_reg[8]                                                                                                                                                                                                     | Top_i/ComputeCoreWrapper_0/inst/CORE/SH/olen_reg[31]_i_1_n_0                                                                                                                                                                 |                3 |             16 |
|  Top_i/zynq_ultra_ps_e_0/inst/pl_clk0 | Top_i/ps8_0_axi_periph/s00_couplers/auto_ds/inst/gen_downsizer.gen_simple_downsizer.axi_downsizer_inst/USE_READ.read_addr_inst/cmd_queue/inst/E[0]                                                                                                                             | Top_i/rst_ps8_0_99M/U0/peripheral_aresetn[0]                                                                                                                                                                                 |                1 |             16 |
|  Top_i/zynq_ultra_ps_e_0/inst/pl_clk0 | Top_i/ComputeCoreWrapper_0/inst/CORE/unpack0/op_buffer[47]_i_1_n_0                                                                                                                                                                                                             | Top_i/ComputeCoreWrapper_0/inst/CORE/unpack0/op_buffer[63]_i_1_n_0                                                                                                                                                           |                0 |             16 |
|  Top_i/zynq_ultra_ps_e_0/inst/pl_clk0 | Top_i/ComputeCoreWrapper_0/inst/CORE/SH/mlen_reg[15]_i_1_n_0                                                                                                                                                                                                                   | Top_i/ComputeCoreWrapper_0/inst/CORE/SH/clear_sha                                                                                                                                                                            |                3 |             16 |
|  Top_i/zynq_ultra_ps_e_0/inst/pl_clk0 | Top_i/ps8_0_axi_periph/s00_couplers/auto_ds/inst/gen_downsizer.gen_simple_downsizer.axi_downsizer_inst/USE_WRITE.write_addr_inst/USE_B_CHANNEL.cmd_b_queue/inst/fifo_gen_inst/inst_fifo_gen/gconvfifo.rf/grf.rf/gntv_or_sync_fifo.gl0.wr/gwss.wsts/E[0]                        |                                                                                                                                                                                                                              |                1 |             16 |
|  Top_i/zynq_ultra_ps_e_0/inst/pl_clk0 | Top_i/ComputeCoreWrapper_0/inst/CORE/SH/mlen_reg[15]_i_1_n_0                                                                                                                                                                                                                   |                                                                                                                                                                                                                              |                3 |             16 |
|  Top_i/zynq_ultra_ps_e_0/inst/pl_clk0 |                                                                                                                                                                                                                                                                                | Top_i/ComputeCoreWrapper_0/inst/CORE/AddRound0/rst_addround                                                                                                                                                                  |                2 |             16 |
|  Top_i/zynq_ultra_ps_e_0/inst/pl_clk0 | Top_i/ps8_0_axi_periph/s00_couplers/auto_pc/inst/gen_axilite.gen_b2s_conv.axilite_b2s/RD.ar_channel_0/ar_cmd_fsm_0/E[0]                                                                                                                                                        |                                                                                                                                                                                                                              |                2 |             17 |
|  Top_i/zynq_ultra_ps_e_0/inst/pl_clk0 | Top_i/ps8_0_axi_periph/s00_couplers/auto_pc/inst/gen_axilite.gen_b2s_conv.axilite_b2s/WR.aw_channel_0/aw_cmd_fsm_0/E[0]                                                                                                                                                        |                                                                                                                                                                                                                              |                5 |             17 |
|  Top_i/zynq_ultra_ps_e_0/inst/pl_clk0 | Top_i/ps8_0_axi_periph/s00_couplers/auto_pc/inst/gen_axilite.gen_b2s_conv.axilite_b2s/RD.ar_channel_0/ar_cmd_fsm_0/m_payload_i_reg[0]_0[0]                                                                                                                                     |                                                                                                                                                                                                                              |                4 |             19 |
|  Top_i/zynq_ultra_ps_e_0/inst/pl_clk0 | Top_i/ps8_0_axi_periph/s00_couplers/auto_pc/inst/gen_axilite.gen_b2s_conv.axilite_b2s/WR.aw_channel_0/aw_cmd_fsm_0/m_payload_i_reg[0][0]                                                                                                                                       |                                                                                                                                                                                                                              |                5 |             19 |
|  Top_i/zynq_ultra_ps_e_0/inst/pl_clk0 | Top_i/ps8_0_axi_periph/s00_couplers/auto_pc/inst/gen_axilite.gen_b2s_conv.axilite_b2s/SI_REG/aw.aw_pipe/s_axi_awready                                                                                                                                                          |                                                                                                                                                                                                                              |                0 |             19 |
|  Top_i/zynq_ultra_ps_e_0/inst/pl_clk0 | Top_i/ps8_0_axi_periph/s00_couplers/auto_pc/inst/gen_axilite.gen_b2s_conv.axilite_b2s/SI_REG/ar.ar_pipe/s_axi_arready                                                                                                                                                          |                                                                                                                                                                                                                              |                0 |             19 |
|  Top_i/zynq_ultra_ps_e_0/inst/pl_clk0 | Top_i/ps8_0_axi_periph/s00_couplers/auto_ds/inst/gen_downsizer.gen_simple_downsizer.axi_downsizer_inst/USE_WRITE.write_addr_inst/cmd_queue/inst/fifo_gen_inst/inst_fifo_gen/gconvfifo.rf/grf.rf/rstblk/E[0]                                                                    |                                                                                                                                                                                                                              |                8 |             28 |
|  Top_i/zynq_ultra_ps_e_0/inst/pl_clk0 | Top_i/ps8_0_axi_periph/s00_couplers/auto_ds/inst/gen_downsizer.gen_simple_downsizer.axi_downsizer_inst/USE_WRITE.write_addr_inst/cmd_queue/inst/fifo_gen_inst/inst_fifo_gen/gconvfifo.rf/grf.rf/gntv_or_sync_fifo.gl0.rd/gr1.gr1_int.rfwft/E[0]                                |                                                                                                                                                                                                                              |                3 |             28 |
|  Top_i/zynq_ultra_ps_e_0/inst/pl_clk0 | Top_i/ps8_0_axi_periph/s00_couplers/auto_ds/inst/gen_downsizer.gen_simple_downsizer.axi_downsizer_inst/USE_READ.read_addr_inst/cmd_queue/inst/fifo_gen_inst/inst_fifo_gen/gconvfifo.rf/grf.rf/gntv_or_sync_fifo.gl0.rd/gr1.gr1_int.rfwft/E[0]                                  |                                                                                                                                                                                                                              |                3 |             29 |
|  Top_i/zynq_ultra_ps_e_0/inst/pl_clk0 | Top_i/ps8_0_axi_periph/s00_couplers/auto_ds/inst/gen_downsizer.gen_simple_downsizer.axi_downsizer_inst/USE_READ.read_addr_inst/cmd_queue/inst/fifo_gen_inst/inst_fifo_gen/gconvfifo.rf/grf.rf/rstblk/E[0]                                                                      |                                                                                                                                                                                                                              |                7 |             29 |
|  Top_i/zynq_ultra_ps_e_0/inst/pl_clk0 |                                                                                                                                                                                                                                                                                | Top_i/rst_ps8_0_99M/U0/peripheral_aresetn[0]                                                                                                                                                                                 |               10 |             30 |
|  Top_i/zynq_ultra_ps_e_0/inst/pl_clk0 | Top_i/ComputeCoreWrapper_0/inst/ISA_CTRL/cycle_count[0]_i_1_n_0                                                                                                                                                                                                                | Top_i/AXI_Slave8Ports_0/inst/AXI_Slave8Ports_v1_0_S00_AXI_inst/control_high_word[0]                                                                                                                                          |                4 |             31 |
|  Top_i/zynq_ultra_ps_e_0/inst/pl_clk0 | Top_i/ps8_0_axi_periph/s00_couplers/auto_ds/inst/gen_downsizer.gen_simple_downsizer.axi_downsizer_inst/USE_READ.read_addr_inst/cmd_queue/inst/WORD_LANE[3].S_AXI_RDATA_II_reg[127][0]                                                                                          | Top_i/ps8_0_axi_periph/s00_couplers/auto_ds/inst/gen_downsizer.gen_simple_downsizer.axi_downsizer_inst/USE_READ.read_addr_inst/cmd_queue/inst/WORD_LANE[0].S_AXI_RDATA_II_reg[31]_0[0]                                       |                1 |             32 |
|  Top_i/zynq_ultra_ps_e_0/inst/pl_clk0 | Top_i/ps8_0_axi_periph/s00_couplers/auto_ds/inst/gen_downsizer.gen_simple_downsizer.axi_downsizer_inst/USE_READ.read_addr_inst/cmd_queue/inst/WORD_LANE[2].S_AXI_RDATA_II_reg[95][0]                                                                                           | Top_i/ps8_0_axi_periph/s00_couplers/auto_ds/inst/gen_downsizer.gen_simple_downsizer.axi_downsizer_inst/USE_READ.read_addr_inst/cmd_queue/inst/WORD_LANE[0].S_AXI_RDATA_II_reg[31]_0[0]                                       |                3 |             32 |
|  Top_i/zynq_ultra_ps_e_0/inst/pl_clk0 | Top_i/ps8_0_axi_periph/s00_couplers/auto_pc/inst/gen_axilite.gen_b2s_conv.axilite_b2s/RD.r_channel_0/rd_data_fifo_0/wr_en0                                                                                                                                                     |                                                                                                                                                                                                                              |                5 |             32 |
|  Top_i/zynq_ultra_ps_e_0/inst/pl_clk0 | Top_i/ps8_0_axi_periph/s00_couplers/auto_ds/inst/gen_downsizer.gen_simple_downsizer.axi_downsizer_inst/USE_READ.read_addr_inst/cmd_queue/inst/WORD_LANE[0].S_AXI_RDATA_II_reg[31][0]                                                                                           | Top_i/ps8_0_axi_periph/s00_couplers/auto_ds/inst/gen_downsizer.gen_simple_downsizer.axi_downsizer_inst/USE_READ.read_addr_inst/cmd_queue/inst/WORD_LANE[0].S_AXI_RDATA_II_reg[31]_0[0]                                       |               10 |             32 |
|  Top_i/zynq_ultra_ps_e_0/inst/pl_clk0 | Top_i/ps8_0_axi_periph/s00_couplers/auto_ds/inst/gen_downsizer.gen_simple_downsizer.axi_downsizer_inst/USE_READ.read_addr_inst/cmd_queue/inst/WORD_LANE[1].S_AXI_RDATA_II_reg[63][0]                                                                                           | Top_i/ps8_0_axi_periph/s00_couplers/auto_ds/inst/gen_downsizer.gen_simple_downsizer.axi_downsizer_inst/USE_READ.read_addr_inst/cmd_queue/inst/WORD_LANE[0].S_AXI_RDATA_II_reg[31]_0[0]                                       |                6 |             32 |
|  Top_i/zynq_ultra_ps_e_0/inst/pl_clk0 | Top_i/ComputeCoreWrapper_0/inst/CORE/Sampler/sample_pack[31]_i_1_n_0                                                                                                                                                                                                           |                                                                                                                                                                                                                              |                8 |             32 |
|  Top_i/zynq_ultra_ps_e_0/inst/pl_clk0 | Top_i/ComputeCoreWrapper_0/inst/CORE/Sampler/sample_pack[63]_i_1_n_0                                                                                                                                                                                                           |                                                                                                                                                                                                                              |                7 |             32 |
|  Top_i/zynq_ultra_ps_e_0/inst/pl_clk0 | Top_i/AXI_Slave8Ports_0/inst/AXI_Slave8Ports_v1_0_S00_AXI_inst/slv_reg_rden__0                                                                                                                                                                                                 | Top_i/rst_ps8_0_99M/U0/peripheral_aresetn[0]                                                                                                                                                                                 |               23 |             32 |
|  Top_i/zynq_ultra_ps_e_0/inst/pl_clk0 | Top_i/ComputeCoreWrapper_0/inst/CORE/unpack0/inc_v_address                                                                                                                                                                                                                     |                                                                                                                                                                                                                              |                1 |             32 |
|  Top_i/zynq_ultra_ps_e_0/inst/pl_clk0 | Top_i/ComputeCoreWrapper_0/inst/ISA_CTRL/IR/U0/synth_options.dist_mem_inst/gen_sdp_ram.sdpram_inst/qsdpo_int[36]                                                                                                                                                               | Top_i/AXI_Slave8Ports_0/inst/AXI_Slave8Ports_v1_0_S00_AXI_inst/control_high_word[0]                                                                                                                                          |                1 |             32 |
|  Top_i/zynq_ultra_ps_e_0/inst/pl_clk0 | Top_i/ps8_0_axi_periph/s00_couplers/auto_pc/inst/gen_axilite.gen_b2s_conv.axilite_b2s/SI_REG/r.r_pipe/p_1_in                                                                                                                                                                   |                                                                                                                                                                                                                              |                9 |             33 |
|  Top_i/zynq_ultra_ps_e_0/inst/pl_clk0 | Top_i/ps8_0_axi_periph/s00_couplers/auto_pc/inst/gen_axilite.gen_b2s_conv.axilite_b2s/SI_REG/r.r_pipe/si_rs_rready                                                                                                                                                             |                                                                                                                                                                                                                              |                1 |             33 |
|  Top_i/zynq_ultra_ps_e_0/inst/pl_clk0 | Top_i/ComputeCoreWrapper_0/inst/ISA_CTRL/IR/U0/synth_options.dist_mem_inst/gen_sdp_ram.sdpram_inst/qsdpo_int[35]                                                                                                                                                               | Top_i/AXI_Slave8Ports_0/inst/AXI_Slave8Ports_v1_0_S00_AXI_inst/control_high_word[0]                                                                                                                                          |                9 |             35 |
|  Top_i/zynq_ultra_ps_e_0/inst/pl_clk0 | Top_i/ps8_0_axi_periph/s00_couplers/auto_ds/inst/gen_downsizer.gen_simple_downsizer.axi_downsizer_inst/USE_READ.read_addr_inst/s_axi_arready                                                                                                                                   |                                                                                                                                                                                                                              |               15 |             36 |
|  Top_i/zynq_ultra_ps_e_0/inst/pl_clk0 | Top_i/ps8_0_axi_periph/s00_couplers/auto_ds/inst/gen_downsizer.gen_simple_downsizer.axi_downsizer_inst/USE_WRITE.write_addr_inst/s_axi_awready                                                                                                                                 |                                                                                                                                                                                                                              |               13 |             36 |
|  Top_i/zynq_ultra_ps_e_0/inst/pl_clk0 | Top_i/ComputeCoreWrapper_0/inst/CORE/BC2PVEC/buffer[279]_i_1_n_0                                                                                                                                                                                                               | Top_i/ComputeCoreWrapper_0/inst/CORE/BC2PVEC/buffer[319]_i_1__0_n_0                                                                                                                                                          |                1 |             40 |
|  Top_i/zynq_ultra_ps_e_0/inst/pl_clk0 |                                                                                                                                                                                                                                                                                | Top_i/ps8_0_axi_periph/s00_couplers/auto_pc/inst/gen_axilite.gen_b2s_conv.axilite_b2s/areset_d1                                                                                                                              |                5 |             47 |
|  Top_i/zynq_ultra_ps_e_0/inst/pl_clk0 | Top_i/ps8_0_axi_periph/s00_couplers/auto_ds/inst/gen_downsizer.gen_simple_downsizer.axi_downsizer_inst/USE_WRITE.write_addr_inst/cmd_queue/inst/fifo_gen_inst/inst_fifo_gen/gconvfifo.rf/grf.rf/gntv_or_sync_fifo.gl0.wr/gwss.wsts/E[0]                                        |                                                                                                                                                                                                                              |                3 |             48 |
|  Top_i/zynq_ultra_ps_e_0/inst/pl_clk0 | Top_i/ps8_0_axi_periph/s00_couplers/auto_ds/inst/gen_downsizer.gen_simple_downsizer.axi_downsizer_inst/USE_READ.read_addr_inst/cmd_queue/inst/fifo_gen_inst/inst_fifo_gen/gconvfifo.rf/grf.rf/gntv_or_sync_fifo.gl0.wr/gwss.wsts/E[0]                                          |                                                                                                                                                                                                                              |                3 |             48 |
|  Top_i/zynq_ultra_ps_e_0/inst/pl_clk0 | Top_i/ComputeCoreWrapper_0/inst/ISA_CTRL/wea_ext_ISA                                                                                                                                                                                                                           |                                                                                                                                                                                                                              |                6 |             48 |
|  Top_i/zynq_ultra_ps_e_0/inst/pl_clk0 | Top_i/ComputeCoreWrapper_0/inst/CORE/unpack0/op_buffer[47]_i_1_n_0                                                                                                                                                                                                             |                                                                                                                                                                                                                              |               12 |             48 |
|  Top_i/zynq_ultra_ps_e_0/inst/pl_clk0 | Top_i/ComputeCoreWrapper_0/inst/CORE/AddRound0/buffer[319]_i_1_n_0                                                                                                                                                                                                             | Top_i/ComputeCoreWrapper_0/inst/CORE/AddRound0/buffer[316]_i_1_n_0                                                                                                                                                           |                5 |             52 |
|  Top_i/zynq_ultra_ps_e_0/inst/pl_clk0 | Top_i/ps8_0_axi_periph/s00_couplers/auto_ds/inst/gen_downsizer.gen_simple_downsizer.axi_downsizer_inst/USE_WRITE.write_addr_inst/s_axi_awready                                                                                                                                 | Top_i/rst_ps8_0_99M/U0/peripheral_aresetn[0]                                                                                                                                                                                 |               13 |             58 |
|  Top_i/zynq_ultra_ps_e_0/inst/pl_clk0 | Top_i/ps8_0_axi_periph/s00_couplers/auto_ds/inst/gen_downsizer.gen_simple_downsizer.axi_downsizer_inst/USE_READ.read_addr_inst/s_axi_arready                                                                                                                                   | Top_i/rst_ps8_0_99M/U0/peripheral_aresetn[0]                                                                                                                                                                                 |               16 |             58 |
|  Top_i/zynq_ultra_ps_e_0/inst/pl_clk0 | Top_i/ComputeCoreWrapper_0/inst/CORE/AddPack0/message_buffer[59]_i_1_n_0                                                                                                                                                                                                       |                                                                                                                                                                                                                              |               11 |             60 |
|  Top_i/zynq_ultra_ps_e_0/inst/pl_clk0 | Top_i/ComputeCoreWrapper_0/inst/CORE/unpack0/op_buffer16_en                                                                                                                                                                                                                    |                                                                                                                                                                                                                              |                3 |             64 |
|  Top_i/zynq_ultra_ps_e_0/inst/pl_clk0 | Top_i/ComputeCoreWrapper_0/inst/CORE/VERIFY1/acc_en                                                                                                                                                                                                                            | Top_i/ComputeCoreWrapper_0/inst/CORE/VERIFY1/rst_verify                                                                                                                                                                      |               15 |             64 |
|  Top_i/zynq_ultra_ps_e_0/inst/pl_clk0 | Top_i/ComputeCoreWrapper_0/inst/CORE/VERIFY1/din1_en                                                                                                                                                                                                                           |                                                                                                                                                                                                                              |                0 |             64 |
|  Top_i/zynq_ultra_ps_e_0/inst/pl_clk0 | Top_i/ComputeCoreWrapper_0/inst/CORE/SH/KECCAK/buffer_in/buffer_data[1087]_i_1_n_0                                                                                                                                                                                             | Top_i/ComputeCoreWrapper_0/inst/CORE/SH/KECCAK/buffer_in/dout_buffer_out_valid_reg_0                                                                                                                                         |               56 |             64 |
|  Top_i/zynq_ultra_ps_e_0/inst/pl_clk0 | Top_i/ComputeCoreWrapper_0/inst/CORE/VERIFY1/rd_base_sel_verify                                                                                                                                                                                                                |                                                                                                                                                                                                                              |                0 |             64 |
|  Top_i/zynq_ultra_ps_e_0/inst/pl_clk0 | Top_i/ComputeCoreWrapper_0/inst/CORE/AddPack0/buffer16_en                                                                                                                                                                                                                      |                                                                                                                                                                                                                              |               31 |             64 |
|  Top_i/zynq_ultra_ps_e_0/inst/pl_clk0 | Top_i/ComputeCoreWrapper_0/inst/CORE/VMUL0/PMUL0/p_0_in[63]                                                                                                                                                                                                                    |                                                                                                                                                                                                                              |               24 |            112 |
|  Top_i/zynq_ultra_ps_e_0/inst/pl_clk0 |                                                                                                                                                                                                                                                                                |                                                                                                                                                                                                                              |               36 |            257 |
|  Top_i/zynq_ultra_ps_e_0/inst/pl_clk0 | Top_i/ComputeCoreWrapper_0/inst/CORE/AddRound0/buffer[319]_i_1_n_0                                                                                                                                                                                                             |                                                                                                                                                                                                                              |               36 |            268 |
|  Top_i/zynq_ultra_ps_e_0/inst/pl_clk0 | Top_i/ComputeCoreWrapper_0/inst/CORE/BC2PVEC/buffer[279]_i_1_n_0                                                                                                                                                                                                               |                                                                                                                                                                                                                              |               38 |            280 |
|  Top_i/zynq_ultra_ps_e_0/inst/pl_clk0 | Top_i/ComputeCoreWrapper_0/inst/CORE/VMUL0/PMUL0/p_0_in[624]                                                                                                                                                                                                                   |                                                                                                                                                                                                                              |               73 |            551 |
|  Top_i/zynq_ultra_ps_e_0/inst/pl_clk0 | Top_i/ComputeCoreWrapper_0/inst/CORE/VMUL0/PMUL0/PLC/E[0]                                                                                                                                                                                                                      | Top_i/ComputeCoreWrapper_0/inst/CORE/VMUL0/VMUL/poly_word_counter_reg[0][0]                                                                                                                                                  |              103 |           1024 |
|  Top_i/zynq_ultra_ps_e_0/inst/pl_clk0 |                                                                                                                                                                                                                                                                                | Top_i/ComputeCoreWrapper_0/inst/CORE/SH/KECCAK/buffer_in/dout_buffer_out_valid_reg_0                                                                                                                                         |              476 |           1283 |
|  Top_i/zynq_ultra_ps_e_0/inst/pl_clk0 | Top_i/ComputeCoreWrapper_0/inst/CORE/SH/KECCAK/reg_data[4][4]_34                                                                                                                                                                                                               | Top_i/ComputeCoreWrapper_0/inst/CORE/SH/KECCAK/buffer_in/dout_buffer_out_valid_reg_0                                                                                                                                         |              192 |           1600 |
|  Top_i/zynq_ultra_ps_e_0/inst/pl_clk0 | Top_i/ComputeCoreWrapper_0/inst/CORE/VMUL0/PMUL0/acc[3327]_i_2_n_0                                                                                                                                                                                                             | Top_i/ComputeCoreWrapper_0/inst/CORE/VMUL0/VMUL/acc_reg[3327][0]                                                                                                                                                             |              868 |           3328 |
+---------------------------------------+--------------------------------------------------------------------------------------------------------------------------------------------------------------------------------------------------------------------------------------------------------------------------------+------------------------------------------------------------------------------------------------------------------------------------------------------------------------------------------------------------------------------+------------------+----------------+


